-- The C compiler identification is GNU 11.4.0
-- The CXX compiler identification is GNU 11.4.0
-- Detecting C compiler ABI info
-- Detecting C compiler ABI info - done
-- Check for working C compiler: /usr/bin/cc - skipped
-- Detecting C compile features
-- Detecting C compile features - done
-- Detecting CXX compiler ABI info
-- Detecting CXX compiler ABI info - done
-- Check for working CXX compiler: /usr/bin/c++ - skipped
-- Detecting CXX compile features
-- Detecting CXX compile features - done
-- Found ament_cmake: 1.3.14 (/opt/ros/humble/share/ament_cmake/cmake)
-- Found Python3: /usr/bin/python3 (found version "3.10.12") found components: Interpreter 
-- Found rosidl_default_generators: 1.2.1 (/opt/ros/humble/share/rosidl_default_generators/cmake)
-- Using all available rosidl_typesupport_c: rosidl_typesupport_fastrtps_c;rosidl_typesupport_introspection_c
-- Found rosidl_adapter: 3.1.8 (/opt/ros/humble/share/rosidl_adapter/cmake)
-- Using all available rosidl_typesupport_cpp: rosidl_typesupport_fastrtps_cpp;rosidl_typesupport_introspection_cpp
-- Found std_msgs: 4.9.1 (/opt/ros/humble/share/std_msgs/cmake)
-- Found ament_cmake_ros: 0.10.0 (/opt/ros/humble/share/ament_cmake_ros/cmake)
-- Using all available rosidl_typesupport_c: rosidl_typesupport_fastrtps_c;rosidl_typesupport_introspection_c
-- Using all available rosidl_typesupport_cpp: rosidl_typesupport_fastrtps_cpp;rosidl_typesupport_introspection_cpp
-- Found PythonInterp: /usr/bin/python3 (found suitable version "3.10.12", minimum required is "3.6") 
-- Found python_cmake_module: 0.10.0 (/opt/ros/humble/share/python_cmake_module/cmake)
-- Found PythonLibs: /usr/lib/aarch64-linux-gnu/libpython3.10.so (found suitable version "3.10.12", minimum required is "3.5") 
-- Using PYTHON_EXECUTABLE: /usr/bin/python3
-- Using PYTHON_INCLUDE_DIRS: /usr/include/python3.10
-- Using PYTHON_LIBRARIES: /usr/lib/aarch64-linux-gnu/libpython3.10.so
-- Found PythonExtra: .so  
-- Configuring done
-- Generating done
-- Build files have been written to: /ros2_ws/src/build/sniff_msgs
[  3%] [34m[1mGenerating C code for ROS interfaces[0m
[  9%] [34m[1mGenerating C++ code for ROS interfaces[0m
[  9%] [34m[1mGenerating Rust code for ROS interfaces[0m
[  9%] Built target ament_cmake_python_copy_sniff_msgs
[  9%] Built target sniff_msgs__rs
running egg_info
creating sniff_msgs.egg-info
writing sniff_msgs.egg-info/PKG-INFO
writing dependency_links to sniff_msgs.egg-info/dependency_links.txt
writing top-level names to sniff_msgs.egg-info/top_level.txt
writing manifest file 'sniff_msgs.egg-info/SOURCES.txt'
reading manifest file 'sniff_msgs.egg-info/SOURCES.txt'
writing manifest file 'sniff_msgs.egg-info/SOURCES.txt'
[  9%] Built target sniff_msgs__cpp
[ 12%] [32mBuilding C object CMakeFiles/sniff_msgs__rosidl_generator_c.dir/rosidl_generator_c/sniff_msgs/msg/detail/pms5003__functions.c.o[0m
[ 18%] [34m[1mGenerating C++ type support for eProsima Fast-RTPS[0m
[ 18%] [34m[1mGenerating C++ introspection for ROS interfaces[0m
[ 21%] [34m[1mGenerating C++ type support dispatch for ROS interfaces[0m
[ 21%] Built target ament_cmake_python_build_sniff_msgs_egg
[ 25%] [32m[1mLinking C shared library libsniff_msgs__rosidl_generator_c.so[0m
[ 25%] Built target sniff_msgs__rosidl_generator_c
[ 28%] [34m[1mGenerating C type support for eProsima Fast-RTPS[0m
[ 31%] [34m[1mGenerating C type support dispatch for ROS interfaces[0m
[ 34%] [34m[1mGenerating C introspection for ROS interfaces[0m
[ 37%] [32mBuilding CXX object CMakeFiles/sniff_msgs__rosidl_typesupport_cpp.dir/rosidl_typesupport_cpp/sniff_msgs/msg/pms5003__type_support.cpp.o[0m
[ 40%] [32mBuilding CXX object CMakeFiles/sniff_msgs__rosidl_typesupport_fastrtps_cpp.dir/rosidl_typesupport_fastrtps_cpp/sniff_msgs/msg/detail/dds_fastrtps/pms5003__type_support.cpp.o[0m
[ 43%] [32mBuilding CXX object CMakeFiles/sniff_msgs__rosidl_typesupport_introspection_cpp.dir/rosidl_typesupport_introspection_cpp/sniff_msgs/msg/detail/pms5003__type_support.cpp.o[0m
[ 46%] [32mBuilding C object CMakeFiles/sniff_msgs__rosidl_typesupport_introspection_c.dir/rosidl_typesupport_introspection_c/sniff_msgs/msg/detail/pms5003__type_support.c.o[0m
[ 50%] [32mBuilding CXX object CMakeFiles/sniff_msgs__rosidl_typesupport_c.dir/rosidl_typesupport_c/sniff_msgs/msg/pms5003__type_support.cpp.o[0m
[ 53%] [32m[1mLinking CXX shared library libsniff_msgs__rosidl_typesupport_c.so[0m
[ 56%] [32m[1mLinking C shared library libsniff_msgs__rosidl_typesupport_introspection_c.so[0m
[ 59%] [32mBuilding CXX object CMakeFiles/sniff_msgs__rosidl_typesupport_fastrtps_c.dir/rosidl_typesupport_fastrtps_c/sniff_msgs/msg/detail/pms5003__type_support_c.cpp.o[0m
[ 59%] Built target sniff_msgs__rosidl_typesupport_introspection_c
[ 59%] Built target sniff_msgs__rosidl_typesupport_c
[ 62%] [32m[1mLinking CXX shared library libsniff_msgs__rosidl_typesupport_cpp.so[0m
[ 62%] Built target sniff_msgs__rosidl_typesupport_cpp
[ 65%] [32m[1mLinking CXX shared library libsniff_msgs__rosidl_typesupport_fastrtps_cpp.so[0m
[ 68%] [32m[1mLinking CXX shared library libsniff_msgs__rosidl_typesupport_introspection_cpp.so[0m
[ 68%] Built target sniff_msgs__rosidl_typesupport_fastrtps_cpp
[ 68%] Built target sniff_msgs__rosidl_typesupport_introspection_cpp
[ 71%] [32m[1mLinking CXX shared library libsniff_msgs__rosidl_typesupport_fastrtps_c.so[0m
[ 71%] Built target sniff_msgs__rosidl_typesupport_fastrtps_c
[ 71%] Built target sniff_msgs
[ 75%] [34m[1mGenerating Python code for ROS interfaces[0m
[ 75%] Built target sniff_msgs__py
[ 78%] [32mBuilding C object CMakeFiles/sniff_msgs__rosidl_generator_py.dir/rosidl_generator_py/sniff_msgs/msg/_pms5003_s.c.o[0m
[ 81%] [32m[1mLinking C shared library rosidl_generator_py/sniff_msgs/libsniff_msgs__rosidl_generator_py.so[0m
[ 81%] Built target sniff_msgs__rosidl_generator_py
[ 84%] [32mBuilding C object CMakeFiles/sniff_msgs__rosidl_typesupport_c__pyext.dir/rosidl_generator_py/sniff_msgs/_sniff_msgs_s.ep.rosidl_typesupport_c.c.o[0m
[ 87%] [32mBuilding C object CMakeFiles/sniff_msgs__rosidl_typesupport_fastrtps_c__pyext.dir/rosidl_generator_py/sniff_msgs/_sniff_msgs_s.ep.rosidl_typesupport_fastrtps_c.c.o[0m
[ 90%] [32mBuilding C object CMakeFiles/sniff_msgs__rosidl_typesupport_introspection_c__pyext.dir/rosidl_generator_py/sniff_msgs/_sniff_msgs_s.ep.rosidl_typesupport_introspection_c.c.o[0m
[ 96%] [32m[1mLinking C shared library rosidl_generator_py/sniff_msgs/sniff_msgs_s__rosidl_typesupport_fastrtps_c.cpython-310-aarch64-linux-gnu.so[0m
[ 96%] [32m[1mLinking C shared library rosidl_generator_py/sniff_msgs/sniff_msgs_s__rosidl_typesupport_c.cpython-310-aarch64-linux-gnu.so[0m
[100%] [32m[1mLinking C shared library rosidl_generator_py/sniff_msgs/sniff_msgs_s__rosidl_typesupport_introspection_c.cpython-310-aarch64-linux-gnu.so[0m
[100%] Built target sniff_msgs__rosidl_typesupport_c__pyext
[100%] Built target sniff_msgs__rosidl_typesupport_fastrtps_c__pyext
[100%] Built target sniff_msgs__rosidl_typesupport_introspection_c__pyext
-- Install configuration: ""
-- Installing: /ros2_ws/src/install/sniff_msgs/share/ament_index/resource_index/rosidl_interfaces/sniff_msgs
-- Installing: /ros2_ws/src/install/sniff_msgs/include/sniff_msgs/sniff_msgs
-- Installing: /ros2_ws/src/install/sniff_msgs/include/sniff_msgs/sniff_msgs/msg
-- Installing: /ros2_ws/src/install/sniff_msgs/include/sniff_msgs/sniff_msgs/msg/detail
-- Installing: /ros2_ws/src/install/sniff_msgs/include/sniff_msgs/sniff_msgs/msg/detail/pms5003__functions.h
-- Installing: /ros2_ws/src/install/sniff_msgs/include/sniff_msgs/sniff_msgs/msg/detail/pms5003__functions.c
-- Installing: /ros2_ws/src/install/sniff_msgs/include/sniff_msgs/sniff_msgs/msg/detail/pms5003__type_support.h
-- Installing: /ros2_ws/src/install/sniff_msgs/include/sniff_msgs/sniff_msgs/msg/detail/pms5003__struct.h
-- Installing: /ros2_ws/src/install/sniff_msgs/include/sniff_msgs/sniff_msgs/msg/pms5003.h
-- Installing: /ros2_ws/src/install/sniff_msgs/include/sniff_msgs/sniff_msgs/msg/rosidl_generator_c__visibility_control.h
-- Installing: /ros2_ws/src/install/sniff_msgs/share/sniff_msgs/environment/library_path.sh
-- Installing: /ros2_ws/src/install/sniff_msgs/share/sniff_msgs/environment/library_path.dsv
-- Installing: /ros2_ws/src/install/sniff_msgs/lib/libsniff_msgs__rosidl_generator_c.so
-- Set runtime path of "/ros2_ws/src/install/sniff_msgs/lib/libsniff_msgs__rosidl_generator_c.so" to ""
-- Up-to-date: /ros2_ws/src/install/sniff_msgs/include/sniff_msgs/sniff_msgs
-- Up-to-date: /ros2_ws/src/install/sniff_msgs/include/sniff_msgs/sniff_msgs/msg
-- Up-to-date: /ros2_ws/src/install/sniff_msgs/include/sniff_msgs/sniff_msgs/msg/detail
-- Installing: /ros2_ws/src/install/sniff_msgs/include/sniff_msgs/sniff_msgs/msg/detail/pms5003__rosidl_typesupport_fastrtps_c.h
-- Installing: /ros2_ws/src/install/sniff_msgs/include/sniff_msgs/sniff_msgs/msg/rosidl_typesupport_fastrtps_c__visibility_control.h
-- Installing: /ros2_ws/src/install/sniff_msgs/lib/libsniff_msgs__rosidl_typesupport_fastrtps_c.so
-- Set runtime path of "/ros2_ws/src/install/sniff_msgs/lib/libsniff_msgs__rosidl_typesupport_fastrtps_c.so" to ""
-- Up-to-date: /ros2_ws/src/install/sniff_msgs/include/sniff_msgs/sniff_msgs
-- Up-to-date: /ros2_ws/src/install/sniff_msgs/include/sniff_msgs/sniff_msgs/msg
-- Installing: /ros2_ws/src/install/sniff_msgs/include/sniff_msgs/sniff_msgs/msg/rosidl_typesupport_introspection_c__visibility_control.h
-- Up-to-date: /ros2_ws/src/install/sniff_msgs/include/sniff_msgs/sniff_msgs/msg/detail
-- Installing: /ros2_ws/src/install/sniff_msgs/include/sniff_msgs/sniff_msgs/msg/detail/pms5003__rosidl_typesupport_introspection_c.h
-- Installing: /ros2_ws/src/install/sniff_msgs/include/sniff_msgs/sniff_msgs/msg/detail/pms5003__type_support.c
-- Installing: /ros2_ws/src/install/sniff_msgs/lib/libsniff_msgs__rosidl_typesupport_introspection_c.so
-- Set runtime path of "/ros2_ws/src/install/sniff_msgs/lib/libsniff_msgs__rosidl_typesupport_introspection_c.so" to ""
-- Installing: /ros2_ws/src/install/sniff_msgs/lib/libsniff_msgs__rosidl_typesupport_c.so
-- Set runtime path of "/ros2_ws/src/install/sniff_msgs/lib/libsniff_msgs__rosidl_typesupport_c.so" to ""
-- Up-to-date: /ros2_ws/src/install/sniff_msgs/include/sniff_msgs/sniff_msgs
-- Up-to-date: /ros2_ws/src/install/sniff_msgs/include/sniff_msgs/sniff_msgs/msg
-- Up-to-date: /ros2_ws/src/install/sniff_msgs/include/sniff_msgs/sniff_msgs/msg/detail
-- Installing: /ros2_ws/src/install/sniff_msgs/include/sniff_msgs/sniff_msgs/msg/detail/pms5003__builder.hpp
-- Installing: /ros2_ws/src/install/sniff_msgs/include/sniff_msgs/sniff_msgs/msg/detail/pms5003__type_support.hpp
-- Installing: /ros2_ws/src/install/sniff_msgs/include/sniff_msgs/sniff_msgs/msg/detail/pms5003__traits.hpp
-- Installing: /ros2_ws/src/install/sniff_msgs/include/sniff_msgs/sniff_msgs/msg/detail/pms5003__struct.hpp
-- Installing: /ros2_ws/src/install/sniff_msgs/include/sniff_msgs/sniff_msgs/msg/pms5003.hpp
-- Installing: /ros2_ws/src/install/sniff_msgs/include/sniff_msgs/sniff_msgs/msg/rosidl_generator_cpp__visibility_control.hpp
-- Up-to-date: /ros2_ws/src/install/sniff_msgs/include/sniff_msgs/sniff_msgs
-- Up-to-date: /ros2_ws/src/install/sniff_msgs/include/sniff_msgs/sniff_msgs/msg
-- Up-to-date: /ros2_ws/src/install/sniff_msgs/include/sniff_msgs/sniff_msgs/msg/detail
-- Installing: /ros2_ws/src/install/sniff_msgs/include/sniff_msgs/sniff_msgs/msg/detail/pms5003__rosidl_typesupport_fastrtps_cpp.hpp
-- Installing: /ros2_ws/src/install/sniff_msgs/include/sniff_msgs/sniff_msgs/msg/detail/dds_fastrtps
-- Installing: /ros2_ws/src/install/sniff_msgs/include/sniff_msgs/sniff_msgs/msg/rosidl_typesupport_fastrtps_cpp__visibility_control.h
-- Installing: /ros2_ws/src/install/sniff_msgs/lib/libsniff_msgs__rosidl_typesupport_fastrtps_cpp.so
-- Set runtime path of "/ros2_ws/src/install/sniff_msgs/lib/libsniff_msgs__rosidl_typesupport_fastrtps_cpp.so" to ""
-- Up-to-date: /ros2_ws/src/install/sniff_msgs/include/sniff_msgs/sniff_msgs
-- Up-to-date: /ros2_ws/src/install/sniff_msgs/include/sniff_msgs/sniff_msgs/msg
-- Up-to-date: /ros2_ws/src/install/sniff_msgs/include/sniff_msgs/sniff_msgs/msg/detail
-- Installing: /ros2_ws/src/install/sniff_msgs/include/sniff_msgs/sniff_msgs/msg/detail/pms5003__type_support.cpp
-- Installing: /ros2_ws/src/install/sniff_msgs/include/sniff_msgs/sniff_msgs/msg/detail/pms5003__rosidl_typesupport_introspection_cpp.hpp
-- Installing: /ros2_ws/src/install/sniff_msgs/lib/libsniff_msgs__rosidl_typesupport_introspection_cpp.so
-- Set runtime path of "/ros2_ws/src/install/sniff_msgs/lib/libsniff_msgs__rosidl_typesupport_introspection_cpp.so" to ""
-- Installing: /ros2_ws/src/install/sniff_msgs/lib/libsniff_msgs__rosidl_typesupport_cpp.so
-- Set runtime path of "/ros2_ws/src/install/sniff_msgs/lib/libsniff_msgs__rosidl_typesupport_cpp.so" to ""
-- Installing: /ros2_ws/src/install/sniff_msgs/share/sniff_msgs/environment/pythonpath.sh
-- Installing: /ros2_ws/src/install/sniff_msgs/share/sniff_msgs/environment/pythonpath.dsv
-- Installing: /ros2_ws/src/install/sniff_msgs/local/lib/python3.10/dist-packages/sniff_msgs-0.0.1-py3.10.egg-info
-- Installing: /ros2_ws/src/install/sniff_msgs/local/lib/python3.10/dist-packages/sniff_msgs-0.0.1-py3.10.egg-info/SOURCES.txt
-- Installing: /ros2_ws/src/install/sniff_msgs/local/lib/python3.10/dist-packages/sniff_msgs-0.0.1-py3.10.egg-info/PKG-INFO
-- Installing: /ros2_ws/src/install/sniff_msgs/local/lib/python3.10/dist-packages/sniff_msgs-0.0.1-py3.10.egg-info/dependency_links.txt
-- Installing: /ros2_ws/src/install/sniff_msgs/local/lib/python3.10/dist-packages/sniff_msgs-0.0.1-py3.10.egg-info/top_level.txt
-- Installing: /ros2_ws/src/install/sniff_msgs/local/lib/python3.10/dist-packages/sniff_msgs
-- Installing: /ros2_ws/src/install/sniff_msgs/local/lib/python3.10/dist-packages/sniff_msgs/msg
-- Installing: /ros2_ws/src/install/sniff_msgs/local/lib/python3.10/dist-packages/sniff_msgs/msg/_pms5003.py
-- Installing: /ros2_ws/src/install/sniff_msgs/local/lib/python3.10/dist-packages/sniff_msgs/msg/__init__.py
-- Installing: /ros2_ws/src/install/sniff_msgs/local/lib/python3.10/dist-packages/sniff_msgs/msg/_pms5003_s.c
-- Installing: /ros2_ws/src/install/sniff_msgs/local/lib/python3.10/dist-packages/sniff_msgs/_sniff_msgs_s.ep.rosidl_typesupport_introspection_c.c
-- Installing: /ros2_ws/src/install/sniff_msgs/local/lib/python3.10/dist-packages/sniff_msgs/sniff_msgs_s__rosidl_typesupport_fastrtps_c.cpython-310-aarch64-linux-gnu.so
-- Installing: /ros2_ws/src/install/sniff_msgs/local/lib/python3.10/dist-packages/sniff_msgs/sniff_msgs_s__rosidl_typesupport_introspection_c.cpython-310-aarch64-linux-gnu.so
-- Installing: /ros2_ws/src/install/sniff_msgs/local/lib/python3.10/dist-packages/sniff_msgs/__init__.py
-- Installing: /ros2_ws/src/install/sniff_msgs/local/lib/python3.10/dist-packages/sniff_msgs/_sniff_msgs_s.ep.rosidl_typesupport_c.c
-- Installing: /ros2_ws/src/install/sniff_msgs/local/lib/python3.10/dist-packages/sniff_msgs/_sniff_msgs_s.ep.rosidl_typesupport_fastrtps_c.c
-- Installing: /ros2_ws/src/install/sniff_msgs/local/lib/python3.10/dist-packages/sniff_msgs/sniff_msgs_s__rosidl_typesupport_c.cpython-310-aarch64-linux-gnu.so
-- Installing: /ros2_ws/src/install/sniff_msgs/local/lib/python3.10/dist-packages/sniff_msgs/libsniff_msgs__rosidl_generator_py.so
Listing '/ros2_ws/src/install/sniff_msgs/local/lib/python3.10/dist-packages/sniff_msgs'...
Compiling '/ros2_ws/src/install/sniff_msgs/local/lib/python3.10/dist-packages/sniff_msgs/__init__.py'...
Listing '/ros2_ws/src/install/sniff_msgs/local/lib/python3.10/dist-packages/sniff_msgs/msg'...
Compiling '/ros2_ws/src/install/sniff_msgs/local/lib/python3.10/dist-packages/sniff_msgs/msg/__init__.py'...
Compiling '/ros2_ws/src/install/sniff_msgs/local/lib/python3.10/dist-packages/sniff_msgs/msg/_pms5003.py'...
-- Installing: /ros2_ws/src/install/sniff_msgs/local/lib/python3.10/dist-packages/sniff_msgs/sniff_msgs_s__rosidl_typesupport_fastrtps_c.cpython-310-aarch64-linux-gnu.so
-- Set runtime path of "/ros2_ws/src/install/sniff_msgs/local/lib/python3.10/dist-packages/sniff_msgs/sniff_msgs_s__rosidl_typesupport_fastrtps_c.cpython-310-aarch64-linux-gnu.so" to ""
-- Installing: /ros2_ws/src/install/sniff_msgs/local/lib/python3.10/dist-packages/sniff_msgs/sniff_msgs_s__rosidl_typesupport_introspection_c.cpython-310-aarch64-linux-gnu.so
-- Set runtime path of "/ros2_ws/src/install/sniff_msgs/local/lib/python3.10/dist-packages/sniff_msgs/sniff_msgs_s__rosidl_typesupport_introspection_c.cpython-310-aarch64-linux-gnu.so" to ""
-- Installing: /ros2_ws/src/install/sniff_msgs/local/lib/python3.10/dist-packages/sniff_msgs/sniff_msgs_s__rosidl_typesupport_c.cpython-310-aarch64-linux-gnu.so
-- Set runtime path of "/ros2_ws/src/install/sniff_msgs/local/lib/python3.10/dist-packages/sniff_msgs/sniff_msgs_s__rosidl_typesupport_c.cpython-310-aarch64-linux-gnu.so" to ""
-- Installing: /ros2_ws/src/install/sniff_msgs/lib/libsniff_msgs__rosidl_generator_py.so
-- Set runtime path of "/ros2_ws/src/install/sniff_msgs/lib/libsniff_msgs__rosidl_generator_py.so" to ""
-- Installing: /ros2_ws/src/install/sniff_msgs/share/ament_index/resource_index/rust_packages/sniff_msgs
-- Installing: /ros2_ws/src/install/sniff_msgs/share/sniff_msgs/rust
-- Installing: /ros2_ws/src/install/sniff_msgs/share/sniff_msgs/rust/src
-- Installing: /ros2_ws/src/install/sniff_msgs/share/sniff_msgs/rust/src/msg.rs
-- Installing: /ros2_ws/src/install/sniff_msgs/share/sniff_msgs/rust/src/msg
-- Installing: /ros2_ws/src/install/sniff_msgs/share/sniff_msgs/rust/src/msg/rmw.rs
-- Installing: /ros2_ws/src/install/sniff_msgs/share/sniff_msgs/rust/src/lib.rs
-- Installing: /ros2_ws/src/install/sniff_msgs/share/sniff_msgs/rust/build.rs
-- Installing: /ros2_ws/src/install/sniff_msgs/share/sniff_msgs/rust/Cargo.toml
-- Installing: /ros2_ws/src/install/sniff_msgs/share/sniff_msgs/msg/Pms5003.idl
-- Installing: /ros2_ws/src/install/sniff_msgs/share/sniff_msgs/msg/Pms5003.msg
-- Installing: /ros2_ws/src/install/sniff_msgs/share/ament_index/resource_index/package_run_dependencies/sniff_msgs
-- Installing: /ros2_ws/src/install/sniff_msgs/share/ament_index/resource_index/parent_prefix_path/sniff_msgs
-- Installing: /ros2_ws/src/install/sniff_msgs/share/sniff_msgs/environment/ament_prefix_path.sh
-- Installing: /ros2_ws/src/install/sniff_msgs/share/sniff_msgs/environment/ament_prefix_path.dsv
-- Installing: /ros2_ws/src/install/sniff_msgs/share/sniff_msgs/environment/path.sh
-- Installing: /ros2_ws/src/install/sniff_msgs/share/sniff_msgs/environment/path.dsv
-- Installing: /ros2_ws/src/install/sniff_msgs/share/sniff_msgs/local_setup.bash
-- Installing: /ros2_ws/src/install/sniff_msgs/share/sniff_msgs/local_setup.sh
-- Installing: /ros2_ws/src/install/sniff_msgs/share/sniff_msgs/local_setup.zsh
-- Installing: /ros2_ws/src/install/sniff_msgs/share/sniff_msgs/local_setup.dsv
-- Installing: /ros2_ws/src/install/sniff_msgs/share/sniff_msgs/package.dsv
-- Installing: /ros2_ws/src/install/sniff_msgs/share/ament_index/resource_index/packages/sniff_msgs
-- Installing: /ros2_ws/src/install/sniff_msgs/share/sniff_msgs/cmake/export_sniff_msgs__rosidl_generator_cExport.cmake
-- Installing: /ros2_ws/src/install/sniff_msgs/share/sniff_msgs/cmake/export_sniff_msgs__rosidl_generator_cExport-noconfig.cmake
-- Installing: /ros2_ws/src/install/sniff_msgs/share/sniff_msgs/cmake/export_sniff_msgs__rosidl_typesupport_fastrtps_cExport.cmake
-- Installing: /ros2_ws/src/install/sniff_msgs/share/sniff_msgs/cmake/export_sniff_msgs__rosidl_typesupport_fastrtps_cExport-noconfig.cmake
-- Installing: /ros2_ws/src/install/sniff_msgs/share/sniff_msgs/cmake/sniff_msgs__rosidl_typesupport_introspection_cExport.cmake
-- Installing: /ros2_ws/src/install/sniff_msgs/share/sniff_msgs/cmake/sniff_msgs__rosidl_typesupport_introspection_cExport-noconfig.cmake
-- Installing: /ros2_ws/src/install/sniff_msgs/share/sniff_msgs/cmake/sniff_msgs__rosidl_typesupport_cExport.cmake
-- Installing: /ros2_ws/src/install/sniff_msgs/share/sniff_msgs/cmake/sniff_msgs__rosidl_typesupport_cExport-noconfig.cmake
-- Installing: /ros2_ws/src/install/sniff_msgs/share/sniff_msgs/cmake/export_sniff_msgs__rosidl_generator_cppExport.cmake
-- Installing: /ros2_ws/src/install/sniff_msgs/share/sniff_msgs/cmake/export_sniff_msgs__rosidl_typesupport_fastrtps_cppExport.cmake
-- Installing: /ros2_ws/src/install/sniff_msgs/share/sniff_msgs/cmake/export_sniff_msgs__rosidl_typesupport_fastrtps_cppExport-noconfig.cmake
-- Installing: /ros2_ws/src/install/sniff_msgs/share/sniff_msgs/cmake/sniff_msgs__rosidl_typesupport_introspection_cppExport.cmake
-- Installing: /ros2_ws/src/install/sniff_msgs/share/sniff_msgs/cmake/sniff_msgs__rosidl_typesupport_introspection_cppExport-noconfig.cmake
-- Installing: /ros2_ws/src/install/sniff_msgs/share/sniff_msgs/cmake/sniff_msgs__rosidl_typesupport_cppExport.cmake
-- Installing: /ros2_ws/src/install/sniff_msgs/share/sniff_msgs/cmake/sniff_msgs__rosidl_typesupport_cppExport-noconfig.cmake
-- Installing: /ros2_ws/src/install/sniff_msgs/share/sniff_msgs/cmake/export_sniff_msgs__rosidl_generator_pyExport.cmake
-- Installing: /ros2_ws/src/install/sniff_msgs/share/sniff_msgs/cmake/export_sniff_msgs__rosidl_generator_pyExport-noconfig.cmake
-- Installing: /ros2_ws/src/install/sniff_msgs/share/sniff_msgs/cmake/rosidl_cmake-extras.cmake
-- Installing: /ros2_ws/src/install/sniff_msgs/share/sniff_msgs/cmake/ament_cmake_export_dependencies-extras.cmake
-- Installing: /ros2_ws/src/install/sniff_msgs/share/sniff_msgs/cmake/ament_cmake_export_include_directories-extras.cmake
-- Installing: /ros2_ws/src/install/sniff_msgs/share/sniff_msgs/cmake/ament_cmake_export_libraries-extras.cmake
-- Installing: /ros2_ws/src/install/sniff_msgs/share/sniff_msgs/cmake/ament_cmake_export_targets-extras.cmake
-- Installing: /ros2_ws/src/install/sniff_msgs/share/sniff_msgs/cmake/rosidl_cmake_export_typesupport_targets-extras.cmake
-- Installing: /ros2_ws/src/install/sniff_msgs/share/sniff_msgs/cmake/rosidl_cmake_export_typesupport_libraries-extras.cmake
-- Installing: /ros2_ws/src/install/sniff_msgs/share/sniff_msgs/cmake/sniff_msgsConfig.cmake
-- Installing: /ros2_ws/src/install/sniff_msgs/share/sniff_msgs/cmake/sniff_msgsConfig-version.cmake
-- Installing: /ros2_ws/src/install/sniff_msgs/share/sniff_msgs/package.xml
