[0.023s] Invoking command in '/ros2_ws/src/build/sniff_msgs': CMAKE_PREFIX_PATH=${CMAKE_PREFIX_PATH}:/ros2_ws/install/ugv_web_app:/ros2_ws/install/ugv_vision:/ros2_ws/install/ugv_tools:/ros2_ws/install/ugv_chat_ai:/ros2_ws/install/ugv_bringup:/ros2_ws/install/sniff_vision:/ros2_ws/install/sniff_bringup:/ros2_ws/install/platform_control:/opt/ros/humble /usr/bin/cmake /ros2_ws/src/sniff_msgs -DCMAKE_INSTALL_PREFIX=/ros2_ws/src/install/sniff_msgs
[0.132s] -- The C compiler identification is GNU 11.4.0
[0.252s] -- The CXX compiler identification is GNU 11.4.0
[0.264s] -- Detecting C compiler ABI info
[0.426s] -- Detecting C compiler ABI info - done
[0.441s] -- Check for working C compiler: /usr/bin/cc - skipped
[0.441s] -- Detecting C compile features
[0.442s] -- Detecting C compile features - done
[0.452s] -- Detecting CXX compiler ABI info
[0.612s] -- Detecting CXX compiler ABI info - done
[0.628s] -- Check for working CXX compiler: /usr/bin/c++ - skipped
[0.628s] -- Detecting CXX compile features
[0.629s] -- Detecting CXX compile features - done
[0.643s] -- Found ament_cmake: 1.3.14 (/opt/ros/humble/share/ament_cmake/cmake)
[1.011s] -- Found Python3: /usr/bin/python3 (found version "3.10.12") found components: Interpreter 
[1.317s] -- Found rosidl_default_generators: 1.2.1 (/opt/ros/humble/share/rosidl_default_generators/cmake)
[1.335s] -- Using all available rosidl_typesupport_c: rosidl_typesupport_fastrtps_c;rosidl_typesupport_introspection_c
[1.364s] -- Found rosidl_adapter: 3.1.8 (/opt/ros/humble/share/rosidl_adapter/cmake)
[1.490s] -- Using all available rosidl_typesupport_cpp: rosidl_typesupport_fastrtps_cpp;rosidl_typesupport_introspection_cpp
[1.602s] -- Found std_msgs: 4.9.1 (/opt/ros/humble/share/std_msgs/cmake)
[2.296s] -- Found ament_cmake_ros: 0.10.0 (/opt/ros/humble/share/ament_cmake_ros/cmake)
[2.831s] -- Using all available rosidl_typesupport_c: rosidl_typesupport_fastrtps_c;rosidl_typesupport_introspection_c
[3.527s] -- Using all available rosidl_typesupport_cpp: rosidl_typesupport_fastrtps_cpp;rosidl_typesupport_introspection_cpp
[3.585s] -- Found PythonInterp: /usr/bin/python3 (found suitable version "3.10.12", minimum required is "3.6") 
[3.597s] -- Found python_cmake_module: 0.10.0 (/opt/ros/humble/share/python_cmake_module/cmake)
[3.665s] -- Found PythonLibs: /usr/lib/aarch64-linux-gnu/libpython3.10.so (found suitable version "3.10.12", minimum required is "3.5") 
[3.665s] -- Using PYTHON_EXECUTABLE: /usr/bin/python3
[3.666s] -- Using PYTHON_INCLUDE_DIRS: /usr/include/python3.10
[3.666s] -- Using PYTHON_LIBRARIES: /usr/lib/aarch64-linux-gnu/libpython3.10.so
[3.716s] -- Found PythonExtra: .so  
[4.050s] -- Configuring done
[4.124s] -- Generating done
[4.146s] -- Build files have been written to: /ros2_ws/src/build/sniff_msgs
[4.164s] Invoked command in '/ros2_ws/src/build/sniff_msgs' returned '0': CMAKE_PREFIX_PATH=${CMAKE_PREFIX_PATH}:/ros2_ws/install/ugv_web_app:/ros2_ws/install/ugv_vision:/ros2_ws/install/ugv_tools:/ros2_ws/install/ugv_chat_ai:/ros2_ws/install/ugv_bringup:/ros2_ws/install/sniff_vision:/ros2_ws/install/sniff_bringup:/ros2_ws/install/platform_control:/opt/ros/humble /usr/bin/cmake /ros2_ws/src/sniff_msgs -DCMAKE_INSTALL_PREFIX=/ros2_ws/src/install/sniff_msgs
[4.168s] Invoking command in '/ros2_ws/src/build/sniff_msgs': CMAKE_PREFIX_PATH=${CMAKE_PREFIX_PATH}:/ros2_ws/install/ugv_web_app:/ros2_ws/install/ugv_vision:/ros2_ws/install/ugv_tools:/ros2_ws/install/ugv_chat_ai:/ros2_ws/install/ugv_bringup:/ros2_ws/install/sniff_vision:/ros2_ws/install/sniff_bringup:/ros2_ws/install/platform_control:/opt/ros/humble /usr/bin/cmake --build /ros2_ws/src/build/sniff_msgs -- -j6 -l6
[4.255s] [  3%] [34m[1mGenerating C code for ROS interfaces[0m
[4.277s] [  9%] [34m[1mGenerating C++ code for ROS interfaces[0m
[4.278s] [  9%] [34m[1mGenerating Rust code for ROS interfaces[0m
[4.298s] [  9%] Built target ament_cmake_python_copy_sniff_msgs
[4.780s] [  9%] Built target sniff_msgs__rs
[4.812s] running egg_info
[4.813s] creating sniff_msgs.egg-info
[4.813s] writing sniff_msgs.egg-info/PKG-INFO
[4.814s] writing dependency_links to sniff_msgs.egg-info/dependency_links.txt
[4.814s] writing top-level names to sniff_msgs.egg-info/top_level.txt
[4.815s] writing manifest file 'sniff_msgs.egg-info/SOURCES.txt'
[4.820s] reading manifest file 'sniff_msgs.egg-info/SOURCES.txt'
[4.821s] writing manifest file 'sniff_msgs.egg-info/SOURCES.txt'
[4.822s] [  9%] Built target sniff_msgs__cpp
[4.833s] [ 12%] [32mBuilding C object CMakeFiles/sniff_msgs__rosidl_generator_c.dir/rosidl_generator_c/sniff_msgs/msg/detail/pms5003__functions.c.o[0m
[4.845s] [ 18%] [34m[1mGenerating C++ type support for eProsima Fast-RTPS[0m
[4.846s] [ 18%] [34m[1mGenerating C++ introspection for ROS interfaces[0m
[4.846s] [ 21%] [34m[1mGenerating C++ type support dispatch for ROS interfaces[0m
[4.901s] [ 21%] Built target ament_cmake_python_build_sniff_msgs_egg
[4.973s] [ 25%] [32m[1mLinking C shared library libsniff_msgs__rosidl_generator_c.so[0m
[5.046s] [ 25%] Built target sniff_msgs__rosidl_generator_c
[5.069s] [ 28%] [34m[1mGenerating C type support for eProsima Fast-RTPS[0m
[5.072s] [ 31%] [34m[1mGenerating C type support dispatch for ROS interfaces[0m
[5.072s] [ 34%] [34m[1mGenerating C introspection for ROS interfaces[0m
[5.335s] [ 37%] [32mBuilding CXX object CMakeFiles/sniff_msgs__rosidl_typesupport_cpp.dir/rosidl_typesupport_cpp/sniff_msgs/msg/pms5003__type_support.cpp.o[0m
[5.402s] [ 40%] [32mBuilding CXX object CMakeFiles/sniff_msgs__rosidl_typesupport_fastrtps_cpp.dir/rosidl_typesupport_fastrtps_cpp/sniff_msgs/msg/detail/dds_fastrtps/pms5003__type_support.cpp.o[0m
[5.506s] [ 43%] [32mBuilding CXX object CMakeFiles/sniff_msgs__rosidl_typesupport_introspection_cpp.dir/rosidl_typesupport_introspection_cpp/sniff_msgs/msg/detail/pms5003__type_support.cpp.o[0m
[5.632s] [ 46%] [32mBuilding C object CMakeFiles/sniff_msgs__rosidl_typesupport_introspection_c.dir/rosidl_typesupport_introspection_c/sniff_msgs/msg/detail/pms5003__type_support.c.o[0m
[5.668s] [ 50%] [32mBuilding CXX object CMakeFiles/sniff_msgs__rosidl_typesupport_c.dir/rosidl_typesupport_c/sniff_msgs/msg/pms5003__type_support.cpp.o[0m
[5.751s] [ 53%] [32m[1mLinking CXX shared library libsniff_msgs__rosidl_typesupport_c.so[0m
[5.758s] [ 56%] [32m[1mLinking C shared library libsniff_msgs__rosidl_typesupport_introspection_c.so[0m
[5.784s] [ 59%] [32mBuilding CXX object CMakeFiles/sniff_msgs__rosidl_typesupport_fastrtps_c.dir/rosidl_typesupport_fastrtps_c/sniff_msgs/msg/detail/pms5003__type_support_c.cpp.o[0m
[5.844s] [ 59%] Built target sniff_msgs__rosidl_typesupport_introspection_c
[5.852s] [ 59%] Built target sniff_msgs__rosidl_typesupport_c
[5.938s] [ 62%] [32m[1mLinking CXX shared library libsniff_msgs__rosidl_typesupport_cpp.so[0m
[6.022s] [ 62%] Built target sniff_msgs__rosidl_typesupport_cpp
[6.272s] [ 65%] [32m[1mLinking CXX shared library libsniff_msgs__rosidl_typesupport_fastrtps_cpp.so[0m
[6.385s] [ 68%] [32m[1mLinking CXX shared library libsniff_msgs__rosidl_typesupport_introspection_cpp.so[0m
[6.446s] [ 68%] Built target sniff_msgs__rosidl_typesupport_fastrtps_cpp
[6.518s] [ 68%] Built target sniff_msgs__rosidl_typesupport_introspection_cpp
[6.555s] [ 71%] [32m[1mLinking CXX shared library libsniff_msgs__rosidl_typesupport_fastrtps_c.so[0m
[6.717s] [ 71%] Built target sniff_msgs__rosidl_typesupport_fastrtps_c
[6.764s] [ 71%] Built target sniff_msgs
[6.812s] [ 75%] [34m[1mGenerating Python code for ROS interfaces[0m
[7.436s] [ 75%] Built target sniff_msgs__py
[7.485s] [ 78%] [32mBuilding C object CMakeFiles/sniff_msgs__rosidl_generator_py.dir/rosidl_generator_py/sniff_msgs/msg/_pms5003_s.c.o[0m
[7.734s] [ 81%] [32m[1mLinking C shared library rosidl_generator_py/sniff_msgs/libsniff_msgs__rosidl_generator_py.so[0m
[7.821s] [ 81%] Built target sniff_msgs__rosidl_generator_py
[7.865s] [ 84%] [32mBuilding C object CMakeFiles/sniff_msgs__rosidl_typesupport_c__pyext.dir/rosidl_generator_py/sniff_msgs/_sniff_msgs_s.ep.rosidl_typesupport_c.c.o[0m
[7.867s] [ 87%] [32mBuilding C object CMakeFiles/sniff_msgs__rosidl_typesupport_fastrtps_c__pyext.dir/rosidl_generator_py/sniff_msgs/_sniff_msgs_s.ep.rosidl_typesupport_fastrtps_c.c.o[0m
[7.868s] [ 90%] [32mBuilding C object CMakeFiles/sniff_msgs__rosidl_typesupport_introspection_c__pyext.dir/rosidl_generator_py/sniff_msgs/_sniff_msgs_s.ep.rosidl_typesupport_introspection_c.c.o[0m
[8.072s] [ 96%] [32m[1mLinking C shared library rosidl_generator_py/sniff_msgs/sniff_msgs_s__rosidl_typesupport_fastrtps_c.cpython-310-aarch64-linux-gnu.so[0m
[8.072s] [ 96%] [32m[1mLinking C shared library rosidl_generator_py/sniff_msgs/sniff_msgs_s__rosidl_typesupport_c.cpython-310-aarch64-linux-gnu.so[0m
[8.075s] [100%] [32m[1mLinking C shared library rosidl_generator_py/sniff_msgs/sniff_msgs_s__rosidl_typesupport_introspection_c.cpython-310-aarch64-linux-gnu.so[0m
[8.152s] [100%] Built target sniff_msgs__rosidl_typesupport_c__pyext
[8.159s] [100%] Built target sniff_msgs__rosidl_typesupport_fastrtps_c__pyext
[8.159s] [100%] Built target sniff_msgs__rosidl_typesupport_introspection_c__pyext
[8.194s] Invoked command in '/ros2_ws/src/build/sniff_msgs' returned '0': CMAKE_PREFIX_PATH=${CMAKE_PREFIX_PATH}:/ros2_ws/install/ugv_web_app:/ros2_ws/install/ugv_vision:/ros2_ws/install/ugv_tools:/ros2_ws/install/ugv_chat_ai:/ros2_ws/install/ugv_bringup:/ros2_ws/install/sniff_vision:/ros2_ws/install/sniff_bringup:/ros2_ws/install/platform_control:/opt/ros/humble /usr/bin/cmake --build /ros2_ws/src/build/sniff_msgs -- -j6 -l6
[8.218s] Invoking command in '/ros2_ws/src/build/sniff_msgs': CMAKE_PREFIX_PATH=${CMAKE_PREFIX_PATH}:/ros2_ws/install/ugv_web_app:/ros2_ws/install/ugv_vision:/ros2_ws/install/ugv_tools:/ros2_ws/install/ugv_chat_ai:/ros2_ws/install/ugv_bringup:/ros2_ws/install/sniff_vision:/ros2_ws/install/sniff_bringup:/ros2_ws/install/platform_control:/opt/ros/humble /usr/bin/cmake --install /ros2_ws/src/build/sniff_msgs
[8.238s] -- Install configuration: ""
[8.239s] -- Installing: /ros2_ws/src/install/sniff_msgs/share/ament_index/resource_index/rosidl_interfaces/sniff_msgs
[8.239s] -- Installing: /ros2_ws/src/install/sniff_msgs/include/sniff_msgs/sniff_msgs
[8.239s] -- Installing: /ros2_ws/src/install/sniff_msgs/include/sniff_msgs/sniff_msgs/msg
[8.240s] -- Installing: /ros2_ws/src/install/sniff_msgs/include/sniff_msgs/sniff_msgs/msg/detail
[8.240s] -- Installing: /ros2_ws/src/install/sniff_msgs/include/sniff_msgs/sniff_msgs/msg/detail/pms5003__functions.h
[8.240s] -- Installing: /ros2_ws/src/install/sniff_msgs/include/sniff_msgs/sniff_msgs/msg/detail/pms5003__functions.c
[8.240s] -- Installing: /ros2_ws/src/install/sniff_msgs/include/sniff_msgs/sniff_msgs/msg/detail/pms5003__type_support.h
[8.240s] -- Installing: /ros2_ws/src/install/sniff_msgs/include/sniff_msgs/sniff_msgs/msg/detail/pms5003__struct.h
[8.241s] -- Installing: /ros2_ws/src/install/sniff_msgs/include/sniff_msgs/sniff_msgs/msg/pms5003.h
[8.241s] -- Installing: /ros2_ws/src/install/sniff_msgs/include/sniff_msgs/sniff_msgs/msg/rosidl_generator_c__visibility_control.h
[8.241s] -- Installing: /ros2_ws/src/install/sniff_msgs/share/sniff_msgs/environment/library_path.sh
[8.241s] -- Installing: /ros2_ws/src/install/sniff_msgs/share/sniff_msgs/environment/library_path.dsv
[8.241s] -- Installing: /ros2_ws/src/install/sniff_msgs/lib/libsniff_msgs__rosidl_generator_c.so
[8.242s] -- Set runtime path of "/ros2_ws/src/install/sniff_msgs/lib/libsniff_msgs__rosidl_generator_c.so" to ""
[8.242s] -- Up-to-date: /ros2_ws/src/install/sniff_msgs/include/sniff_msgs/sniff_msgs
[8.243s] -- Up-to-date: /ros2_ws/src/install/sniff_msgs/include/sniff_msgs/sniff_msgs/msg
[8.243s] -- Up-to-date: /ros2_ws/src/install/sniff_msgs/include/sniff_msgs/sniff_msgs/msg/detail
[8.243s] -- Installing: /ros2_ws/src/install/sniff_msgs/include/sniff_msgs/sniff_msgs/msg/detail/pms5003__rosidl_typesupport_fastrtps_c.h
[8.244s] -- Installing: /ros2_ws/src/install/sniff_msgs/include/sniff_msgs/sniff_msgs/msg/rosidl_typesupport_fastrtps_c__visibility_control.h
[8.244s] -- Installing: /ros2_ws/src/install/sniff_msgs/lib/libsniff_msgs__rosidl_typesupport_fastrtps_c.so
[8.244s] -- Set runtime path of "/ros2_ws/src/install/sniff_msgs/lib/libsniff_msgs__rosidl_typesupport_fastrtps_c.so" to ""
[8.244s] -- Up-to-date: /ros2_ws/src/install/sniff_msgs/include/sniff_msgs/sniff_msgs
[8.244s] -- Up-to-date: /ros2_ws/src/install/sniff_msgs/include/sniff_msgs/sniff_msgs/msg
[8.245s] -- Installing: /ros2_ws/src/install/sniff_msgs/include/sniff_msgs/sniff_msgs/msg/rosidl_typesupport_introspection_c__visibility_control.h
[8.245s] -- Up-to-date: /ros2_ws/src/install/sniff_msgs/include/sniff_msgs/sniff_msgs/msg/detail
[8.245s] -- Installing: /ros2_ws/src/install/sniff_msgs/include/sniff_msgs/sniff_msgs/msg/detail/pms5003__rosidl_typesupport_introspection_c.h
[8.245s] -- Installing: /ros2_ws/src/install/sniff_msgs/include/sniff_msgs/sniff_msgs/msg/detail/pms5003__type_support.c
[8.245s] -- Installing: /ros2_ws/src/install/sniff_msgs/lib/libsniff_msgs__rosidl_typesupport_introspection_c.so
[8.245s] -- Set runtime path of "/ros2_ws/src/install/sniff_msgs/lib/libsniff_msgs__rosidl_typesupport_introspection_c.so" to ""
[8.245s] -- Installing: /ros2_ws/src/install/sniff_msgs/lib/libsniff_msgs__rosidl_typesupport_c.so
[8.246s] -- Set runtime path of "/ros2_ws/src/install/sniff_msgs/lib/libsniff_msgs__rosidl_typesupport_c.so" to ""
[8.246s] -- Up-to-date: /ros2_ws/src/install/sniff_msgs/include/sniff_msgs/sniff_msgs
[8.246s] -- Up-to-date: /ros2_ws/src/install/sniff_msgs/include/sniff_msgs/sniff_msgs/msg
[8.246s] -- Up-to-date: /ros2_ws/src/install/sniff_msgs/include/sniff_msgs/sniff_msgs/msg/detail
[8.246s] -- Installing: /ros2_ws/src/install/sniff_msgs/include/sniff_msgs/sniff_msgs/msg/detail/pms5003__builder.hpp
[8.247s] -- Installing: /ros2_ws/src/install/sniff_msgs/include/sniff_msgs/sniff_msgs/msg/detail/pms5003__type_support.hpp
[8.247s] -- Installing: /ros2_ws/src/install/sniff_msgs/include/sniff_msgs/sniff_msgs/msg/detail/pms5003__traits.hpp
[8.247s] -- Installing: /ros2_ws/src/install/sniff_msgs/include/sniff_msgs/sniff_msgs/msg/detail/pms5003__struct.hpp
[8.248s] -- Installing: /ros2_ws/src/install/sniff_msgs/include/sniff_msgs/sniff_msgs/msg/pms5003.hpp
[8.248s] -- Installing: /ros2_ws/src/install/sniff_msgs/include/sniff_msgs/sniff_msgs/msg/rosidl_generator_cpp__visibility_control.hpp
[8.248s] -- Up-to-date: /ros2_ws/src/install/sniff_msgs/include/sniff_msgs/sniff_msgs
[8.248s] -- Up-to-date: /ros2_ws/src/install/sniff_msgs/include/sniff_msgs/sniff_msgs/msg
[8.249s] -- Up-to-date: /ros2_ws/src/install/sniff_msgs/include/sniff_msgs/sniff_msgs/msg/detail
[8.249s] -- Installing: /ros2_ws/src/install/sniff_msgs/include/sniff_msgs/sniff_msgs/msg/detail/pms5003__rosidl_typesupport_fastrtps_cpp.hpp
[8.249s] -- Installing: /ros2_ws/src/install/sniff_msgs/include/sniff_msgs/sniff_msgs/msg/detail/dds_fastrtps
[8.249s] -- Installing: /ros2_ws/src/install/sniff_msgs/include/sniff_msgs/sniff_msgs/msg/rosidl_typesupport_fastrtps_cpp__visibility_control.h
[8.249s] -- Installing: /ros2_ws/src/install/sniff_msgs/lib/libsniff_msgs__rosidl_typesupport_fastrtps_cpp.so
[8.250s] -- Set runtime path of "/ros2_ws/src/install/sniff_msgs/lib/libsniff_msgs__rosidl_typesupport_fastrtps_cpp.so" to ""
[8.250s] -- Up-to-date: /ros2_ws/src/install/sniff_msgs/include/sniff_msgs/sniff_msgs
[8.250s] -- Up-to-date: /ros2_ws/src/install/sniff_msgs/include/sniff_msgs/sniff_msgs/msg
[8.250s] -- Up-to-date: /ros2_ws/src/install/sniff_msgs/include/sniff_msgs/sniff_msgs/msg/detail
[8.251s] -- Installing: /ros2_ws/src/install/sniff_msgs/include/sniff_msgs/sniff_msgs/msg/detail/pms5003__type_support.cpp
[8.251s] -- Installing: /ros2_ws/src/install/sniff_msgs/include/sniff_msgs/sniff_msgs/msg/detail/pms5003__rosidl_typesupport_introspection_cpp.hpp
[8.251s] -- Installing: /ros2_ws/src/install/sniff_msgs/lib/libsniff_msgs__rosidl_typesupport_introspection_cpp.so
[8.251s] -- Set runtime path of "/ros2_ws/src/install/sniff_msgs/lib/libsniff_msgs__rosidl_typesupport_introspection_cpp.so" to ""
[8.251s] -- Installing: /ros2_ws/src/install/sniff_msgs/lib/libsniff_msgs__rosidl_typesupport_cpp.so
[8.252s] -- Set runtime path of "/ros2_ws/src/install/sniff_msgs/lib/libsniff_msgs__rosidl_typesupport_cpp.so" to ""
[8.252s] -- Installing: /ros2_ws/src/install/sniff_msgs/share/sniff_msgs/environment/pythonpath.sh
[8.252s] -- Installing: /ros2_ws/src/install/sniff_msgs/share/sniff_msgs/environment/pythonpath.dsv
[8.252s] -- Installing: /ros2_ws/src/install/sniff_msgs/local/lib/python3.10/dist-packages/sniff_msgs-0.0.1-py3.10.egg-info
[8.252s] -- Installing: /ros2_ws/src/install/sniff_msgs/local/lib/python3.10/dist-packages/sniff_msgs-0.0.1-py3.10.egg-info/SOURCES.txt
[8.253s] -- Installing: /ros2_ws/src/install/sniff_msgs/local/lib/python3.10/dist-packages/sniff_msgs-0.0.1-py3.10.egg-info/PKG-INFO
[8.253s] -- Installing: /ros2_ws/src/install/sniff_msgs/local/lib/python3.10/dist-packages/sniff_msgs-0.0.1-py3.10.egg-info/dependency_links.txt
[8.253s] -- Installing: /ros2_ws/src/install/sniff_msgs/local/lib/python3.10/dist-packages/sniff_msgs-0.0.1-py3.10.egg-info/top_level.txt
[8.253s] -- Installing: /ros2_ws/src/install/sniff_msgs/local/lib/python3.10/dist-packages/sniff_msgs
[8.253s] -- Installing: /ros2_ws/src/install/sniff_msgs/local/lib/python3.10/dist-packages/sniff_msgs/msg
[8.254s] -- Installing: /ros2_ws/src/install/sniff_msgs/local/lib/python3.10/dist-packages/sniff_msgs/msg/_pms5003.py
[8.254s] -- Installing: /ros2_ws/src/install/sniff_msgs/local/lib/python3.10/dist-packages/sniff_msgs/msg/__init__.py
[8.254s] -- Installing: /ros2_ws/src/install/sniff_msgs/local/lib/python3.10/dist-packages/sniff_msgs/msg/_pms5003_s.c
[8.254s] -- Installing: /ros2_ws/src/install/sniff_msgs/local/lib/python3.10/dist-packages/sniff_msgs/_sniff_msgs_s.ep.rosidl_typesupport_introspection_c.c
[8.254s] -- Installing: /ros2_ws/src/install/sniff_msgs/local/lib/python3.10/dist-packages/sniff_msgs/sniff_msgs_s__rosidl_typesupport_fastrtps_c.cpython-310-aarch64-linux-gnu.so
[8.255s] -- Installing: /ros2_ws/src/install/sniff_msgs/local/lib/python3.10/dist-packages/sniff_msgs/sniff_msgs_s__rosidl_typesupport_introspection_c.cpython-310-aarch64-linux-gnu.so
[8.255s] -- Installing: /ros2_ws/src/install/sniff_msgs/local/lib/python3.10/dist-packages/sniff_msgs/__init__.py
[8.255s] -- Installing: /ros2_ws/src/install/sniff_msgs/local/lib/python3.10/dist-packages/sniff_msgs/_sniff_msgs_s.ep.rosidl_typesupport_c.c
[8.256s] -- Installing: /ros2_ws/src/install/sniff_msgs/local/lib/python3.10/dist-packages/sniff_msgs/_sniff_msgs_s.ep.rosidl_typesupport_fastrtps_c.c
[8.256s] -- Installing: /ros2_ws/src/install/sniff_msgs/local/lib/python3.10/dist-packages/sniff_msgs/sniff_msgs_s__rosidl_typesupport_c.cpython-310-aarch64-linux-gnu.so
[8.256s] -- Installing: /ros2_ws/src/install/sniff_msgs/local/lib/python3.10/dist-packages/sniff_msgs/libsniff_msgs__rosidl_generator_py.so
[8.351s] Listing '/ros2_ws/src/install/sniff_msgs/local/lib/python3.10/dist-packages/sniff_msgs'...
[8.351s] Compiling '/ros2_ws/src/install/sniff_msgs/local/lib/python3.10/dist-packages/sniff_msgs/__init__.py'...
[8.351s] Listing '/ros2_ws/src/install/sniff_msgs/local/lib/python3.10/dist-packages/sniff_msgs/msg'...
[8.351s] Compiling '/ros2_ws/src/install/sniff_msgs/local/lib/python3.10/dist-packages/sniff_msgs/msg/__init__.py'...
[8.351s] Compiling '/ros2_ws/src/install/sniff_msgs/local/lib/python3.10/dist-packages/sniff_msgs/msg/_pms5003.py'...
[8.366s] -- Installing: /ros2_ws/src/install/sniff_msgs/local/lib/python3.10/dist-packages/sniff_msgs/sniff_msgs_s__rosidl_typesupport_fastrtps_c.cpython-310-aarch64-linux-gnu.so
[8.366s] -- Set runtime path of "/ros2_ws/src/install/sniff_msgs/local/lib/python3.10/dist-packages/sniff_msgs/sniff_msgs_s__rosidl_typesupport_fastrtps_c.cpython-310-aarch64-linux-gnu.so" to ""
[8.366s] -- Installing: /ros2_ws/src/install/sniff_msgs/local/lib/python3.10/dist-packages/sniff_msgs/sniff_msgs_s__rosidl_typesupport_introspection_c.cpython-310-aarch64-linux-gnu.so
[8.367s] -- Set runtime path of "/ros2_ws/src/install/sniff_msgs/local/lib/python3.10/dist-packages/sniff_msgs/sniff_msgs_s__rosidl_typesupport_introspection_c.cpython-310-aarch64-linux-gnu.so" to ""
[8.367s] -- Installing: /ros2_ws/src/install/sniff_msgs/local/lib/python3.10/dist-packages/sniff_msgs/sniff_msgs_s__rosidl_typesupport_c.cpython-310-aarch64-linux-gnu.so
[8.368s] -- Set runtime path of "/ros2_ws/src/install/sniff_msgs/local/lib/python3.10/dist-packages/sniff_msgs/sniff_msgs_s__rosidl_typesupport_c.cpython-310-aarch64-linux-gnu.so" to ""
[8.368s] -- Installing: /ros2_ws/src/install/sniff_msgs/lib/libsniff_msgs__rosidl_generator_py.so
[8.369s] -- Set runtime path of "/ros2_ws/src/install/sniff_msgs/lib/libsniff_msgs__rosidl_generator_py.so" to ""
[8.369s] -- Installing: /ros2_ws/src/install/sniff_msgs/share/ament_index/resource_index/rust_packages/sniff_msgs
[8.369s] -- Installing: /ros2_ws/src/install/sniff_msgs/share/sniff_msgs/rust
[8.370s] -- Installing: /ros2_ws/src/install/sniff_msgs/share/sniff_msgs/rust/src
[8.370s] -- Installing: /ros2_ws/src/install/sniff_msgs/share/sniff_msgs/rust/src/msg.rs
[8.370s] -- Installing: /ros2_ws/src/install/sniff_msgs/share/sniff_msgs/rust/src/msg
[8.370s] -- Installing: /ros2_ws/src/install/sniff_msgs/share/sniff_msgs/rust/src/msg/rmw.rs
[8.371s] -- Installing: /ros2_ws/src/install/sniff_msgs/share/sniff_msgs/rust/src/lib.rs
[8.371s] -- Installing: /ros2_ws/src/install/sniff_msgs/share/sniff_msgs/rust/build.rs
[8.371s] -- Installing: /ros2_ws/src/install/sniff_msgs/share/sniff_msgs/rust/Cargo.toml
[8.371s] -- Installing: /ros2_ws/src/install/sniff_msgs/share/sniff_msgs/msg/Pms5003.idl
[8.372s] -- Installing: /ros2_ws/src/install/sniff_msgs/share/sniff_msgs/msg/Pms5003.msg
[8.372s] -- Installing: /ros2_ws/src/install/sniff_msgs/share/ament_index/resource_index/package_run_dependencies/sniff_msgs
[8.373s] -- Installing: /ros2_ws/src/install/sniff_msgs/share/ament_index/resource_index/parent_prefix_path/sniff_msgs
[8.373s] -- Installing: /ros2_ws/src/install/sniff_msgs/share/sniff_msgs/environment/ament_prefix_path.sh
[8.373s] -- Installing: /ros2_ws/src/install/sniff_msgs/share/sniff_msgs/environment/ament_prefix_path.dsv
[8.373s] -- Installing: /ros2_ws/src/install/sniff_msgs/share/sniff_msgs/environment/path.sh
[8.374s] -- Installing: /ros2_ws/src/install/sniff_msgs/share/sniff_msgs/environment/path.dsv
[8.374s] -- Installing: /ros2_ws/src/install/sniff_msgs/share/sniff_msgs/local_setup.bash
[8.374s] -- Installing: /ros2_ws/src/install/sniff_msgs/share/sniff_msgs/local_setup.sh
[8.374s] -- Installing: /ros2_ws/src/install/sniff_msgs/share/sniff_msgs/local_setup.zsh
[8.375s] -- Installing: /ros2_ws/src/install/sniff_msgs/share/sniff_msgs/local_setup.dsv
[8.375s] -- Installing: /ros2_ws/src/install/sniff_msgs/share/sniff_msgs/package.dsv
[8.375s] -- Installing: /ros2_ws/src/install/sniff_msgs/share/ament_index/resource_index/packages/sniff_msgs
[8.376s] -- Installing: /ros2_ws/src/install/sniff_msgs/share/sniff_msgs/cmake/export_sniff_msgs__rosidl_generator_cExport.cmake
[8.376s] -- Installing: /ros2_ws/src/install/sniff_msgs/share/sniff_msgs/cmake/export_sniff_msgs__rosidl_generator_cExport-noconfig.cmake
[8.376s] -- Installing: /ros2_ws/src/install/sniff_msgs/share/sniff_msgs/cmake/export_sniff_msgs__rosidl_typesupport_fastrtps_cExport.cmake
[8.377s] -- Installing: /ros2_ws/src/install/sniff_msgs/share/sniff_msgs/cmake/export_sniff_msgs__rosidl_typesupport_fastrtps_cExport-noconfig.cmake
[8.377s] -- Installing: /ros2_ws/src/install/sniff_msgs/share/sniff_msgs/cmake/sniff_msgs__rosidl_typesupport_introspection_cExport.cmake
[8.377s] -- Installing: /ros2_ws/src/install/sniff_msgs/share/sniff_msgs/cmake/sniff_msgs__rosidl_typesupport_introspection_cExport-noconfig.cmake
[8.378s] -- Installing: /ros2_ws/src/install/sniff_msgs/share/sniff_msgs/cmake/sniff_msgs__rosidl_typesupport_cExport.cmake
[8.378s] -- Installing: /ros2_ws/src/install/sniff_msgs/share/sniff_msgs/cmake/sniff_msgs__rosidl_typesupport_cExport-noconfig.cmake
[8.378s] -- Installing: /ros2_ws/src/install/sniff_msgs/share/sniff_msgs/cmake/export_sniff_msgs__rosidl_generator_cppExport.cmake
[8.378s] -- Installing: /ros2_ws/src/install/sniff_msgs/share/sniff_msgs/cmake/export_sniff_msgs__rosidl_typesupport_fastrtps_cppExport.cmake
[8.379s] -- Installing: /ros2_ws/src/install/sniff_msgs/share/sniff_msgs/cmake/export_sniff_msgs__rosidl_typesupport_fastrtps_cppExport-noconfig.cmake
[8.379s] -- Installing: /ros2_ws/src/install/sniff_msgs/share/sniff_msgs/cmake/sniff_msgs__rosidl_typesupport_introspection_cppExport.cmake
[8.379s] -- Installing: /ros2_ws/src/install/sniff_msgs/share/sniff_msgs/cmake/sniff_msgs__rosidl_typesupport_introspection_cppExport-noconfig.cmake
[8.380s] -- Installing: /ros2_ws/src/install/sniff_msgs/share/sniff_msgs/cmake/sniff_msgs__rosidl_typesupport_cppExport.cmake
[8.380s] -- Installing: /ros2_ws/src/install/sniff_msgs/share/sniff_msgs/cmake/sniff_msgs__rosidl_typesupport_cppExport-noconfig.cmake
[8.380s] -- Installing: /ros2_ws/src/install/sniff_msgs/share/sniff_msgs/cmake/export_sniff_msgs__rosidl_generator_pyExport.cmake
[8.380s] -- Installing: /ros2_ws/src/install/sniff_msgs/share/sniff_msgs/cmake/export_sniff_msgs__rosidl_generator_pyExport-noconfig.cmake
[8.381s] -- Installing: /ros2_ws/src/install/sniff_msgs/share/sniff_msgs/cmake/rosidl_cmake-extras.cmake
[8.381s] -- Installing: /ros2_ws/src/install/sniff_msgs/share/sniff_msgs/cmake/ament_cmake_export_dependencies-extras.cmake
[8.381s] -- Installing: /ros2_ws/src/install/sniff_msgs/share/sniff_msgs/cmake/ament_cmake_export_include_directories-extras.cmake
[8.382s] -- Installing: /ros2_ws/src/install/sniff_msgs/share/sniff_msgs/cmake/ament_cmake_export_libraries-extras.cmake
[8.382s] -- Installing: /ros2_ws/src/install/sniff_msgs/share/sniff_msgs/cmake/ament_cmake_export_targets-extras.cmake
[8.382s] -- Installing: /ros2_ws/src/install/sniff_msgs/share/sniff_msgs/cmake/rosidl_cmake_export_typesupport_targets-extras.cmake
[8.383s] -- Installing: /ros2_ws/src/install/sniff_msgs/share/sniff_msgs/cmake/rosidl_cmake_export_typesupport_libraries-extras.cmake
[8.383s] -- Installing: /ros2_ws/src/install/sniff_msgs/share/sniff_msgs/cmake/sniff_msgsConfig.cmake
[8.383s] -- Installing: /ros2_ws/src/install/sniff_msgs/share/sniff_msgs/cmake/sniff_msgsConfig-version.cmake
[8.384s] -- Installing: /ros2_ws/src/install/sniff_msgs/share/sniff_msgs/package.xml
[8.391s] Invoked command in '/ros2_ws/src/build/sniff_msgs' returned '0': CMAKE_PREFIX_PATH=${CMAKE_PREFIX_PATH}:/ros2_ws/install/ugv_web_app:/ros2_ws/install/ugv_vision:/ros2_ws/install/ugv_tools:/ros2_ws/install/ugv_chat_ai:/ros2_ws/install/ugv_bringup:/ros2_ws/install/sniff_vision:/ros2_ws/install/sniff_bringup:/ros2_ws/install/platform_control:/opt/ros/humble /usr/bin/cmake --install /ros2_ws/src/build/sniff_msgs
