running egg_info
creating ../build/sniff_sensors/sniff_sensors.egg-info
writing ../build/sniff_sensors/sniff_sensors.egg-info/PKG-INFO
writing dependency_links to ../build/sniff_sensors/sniff_sensors.egg-info/dependency_links.txt
writing entry points to ../build/sniff_sensors/sniff_sensors.egg-info/entry_points.txt
writing requirements to ../build/sniff_sensors/sniff_sensors.egg-info/requires.txt
writing top-level names to ../build/sniff_sensors/sniff_sensors.egg-info/top_level.txt
writing manifest file '../build/sniff_sensors/sniff_sensors.egg-info/SOURCES.txt'
reading manifest file '../build/sniff_sensors/sniff_sensors.egg-info/SOURCES.txt'
writing manifest file '../build/sniff_sensors/sniff_sensors.egg-info/SOURCES.txt'
running build
running build_py
creating /ros2_ws/src/build/sniff_sensors/build
creating /ros2_ws/src/build/sniff_sensors/build/lib
creating /ros2_ws/src/build/sniff_sensors/build/lib/sniff_sensors
copying sniff_sensors/__init__.py -> /ros2_ws/src/build/sniff_sensors/build/lib/sniff_sensors
copying sniff_sensors/pms5003_node.py -> /ros2_ws/src/build/sniff_sensors/build/lib/sniff_sensors
running install
running install_lib
creating /ros2_ws/src/install/sniff_sensors/lib/python3.10/site-packages/sniff_sensors
copying /ros2_ws/src/build/sniff_sensors/build/lib/sniff_sensors/__init__.py -> /ros2_ws/src/install/sniff_sensors/lib/python3.10/site-packages/sniff_sensors
copying /ros2_ws/src/build/sniff_sensors/build/lib/sniff_sensors/pms5003_node.py -> /ros2_ws/src/install/sniff_sensors/lib/python3.10/site-packages/sniff_sensors
byte-compiling /ros2_ws/src/install/sniff_sensors/lib/python3.10/site-packages/sniff_sensors/__init__.py to __init__.cpython-310.pyc
byte-compiling /ros2_ws/src/install/sniff_sensors/lib/python3.10/site-packages/sniff_sensors/pms5003_node.py to pms5003_node.cpython-310.pyc
running install_data
creating /ros2_ws/src/install/sniff_sensors/share/ament_index
creating /ros2_ws/src/install/sniff_sensors/share/ament_index/resource_index
creating /ros2_ws/src/install/sniff_sensors/share/ament_index/resource_index/packages
copying resource/sniff_sensors -> /ros2_ws/src/install/sniff_sensors/share/ament_index/resource_index/packages
copying package.xml -> /ros2_ws/src/install/sniff_sensors/share/sniff_sensors
running install_egg_info
Copying ../build/sniff_sensors/sniff_sensors.egg-info to /ros2_ws/src/install/sniff_sensors/lib/python3.10/site-packages/sniff_sensors-0.0.1-py3.10.egg-info
running install_scripts
Installing pms5003_node script to /ros2_ws/src/install/sniff_sensors/lib/sniff_sensors
writing list of installed files to '/ros2_ws/src/build/sniff_sensors/install.log'
